[39A
│ Beans                               ││  Parent Feature                                                              │[K
│                                     ││ parent-01   in-progress                                                      │[K
│ blocker-01     B  I  Blocking Bug   │╰──────────────────────────────────────────────────────────────────────────────╯[K
│▌parent-01      F  I  Parent Fe...   │╭──────────────────────────────────────────────────────────────────────────────╮[K



│                                     ││  ••                                                                          │[K
│                                     │╰──────────────────────────────────────────────────────────────────────────────╯[K
│                                     │╭──────────────────────────────────────────────────────────────────────────────╮[K
│                                     ││[38;5;252m[0m  [38;5;252mThis is the parent feature.                                                 [0m│[K



























[39A






































tab switch  / filter  enter go to  j/k navigate  backspace back  b blocking  e edit  p parent  P priority  s status  t t