[?25l[?2004h╭─────────────────────────────────────╮╭──────────────────────────────────────────────────────────────────────────────╮[K
│ Beans                               ││  Blocking Bug                                                                │[K
│                                     ││ blocker-01   in-progress                                                     │[K
│▌blocker-01     B  I  Blocking Bug   │╰──────────────────────────────────────────────────────────────────────────────╯[K
│ parent-01      F  I  Parent Feat…   │╭──────────────────────────────────────────────────────────────────────────────╮[K
│ └─ child-01    T  T  Child Task     ││  Linked Beans                                                                │[K
│                                     ││▸ Blocking:   child-01    T  T  Child Task                                    │[K
│                                     ││                                                                              │[K
│                                     │╰──────────────────────────────────────────────────────────────────────────────╯[K
│                                     │╭──────────────────────────────────────────────────────────────────────────────╮[K
│                                     ││[38;5;252m[0m  [38;5;252mThis bug blocks the child task.                                             [0m│[K
│                                     ││                                                                              │[K
│                                     ││                                                                              │[K
│                                     ││                                                                              │[K
│                                     ││                                                                              │[K
│                                     ││                                                                              │[K
│                                     ││                                                                              │[K
│                                     ││                                                                              │[K
│                                     ││                                                                              │[K
│                                     ││                                                                              │[K
│                                     ││                                                                              │[K
│                                     ││                                                                              │[K
│                                     ││                                                                              │[K
│                                     ││                                                                              │[K
│                                     ││                                                                              │[K
│                                     ││                                                                              │[K
│                                     ││                                                                              │[K
│                                     ││                                                                              │[K
│                                     ││                                                                              │[K
│                                     ││                                                                              │[K
│                                     ││                                                                              │[K
│                                     ││                                                                              │[K
│                                     ││                                                                              │[K
│                                     ││                                                                              │[K
│                                     ││                                                                              │[K
│                                     ││                                                                              │[K
│                                     ││                                                                              │[K
│                                     ││                                                                              │[K
╰─────────────────────────────────────╯╰──────────────────────────────────────────────────────────────────────────────╯[K
space select  enter view  b blocking  c create  e edit  p parent  P priority  s status  t type  y copy id  / filter  ? h