[?25l[?2004h╭──────────────────────────────────────────────────────────────────────────────────────────────────╮
│ Beans                                                                                            │
│                                                                                                  │
│▌long-1234  F  T  This is a very long title that should be truncated when displayed in narro...   │
│                                                                                                  │
│                                                                                                  │
│                                                                                                  │
│                                                                                                  │
│                                                                                                  │
│                                                                                                  │
│                                                                                                  │
│                                                                                                  │
│                                                                                                  │
│                                                                                                  │
│                                                                                                  │
│                                                                                                  │
│                                                                                                  │
│                                                                                                  │
│                                                                                                  │
│                                                                                                  │
│                                                                                                  │
│                                                                                                  │
│                                                                                                  │
│                                                                                                  │
│                                                                                                  │
│                                                                                                  │
│                                                                                                  │
╰──────────────────────────────────────────────────────────────────────────────────────────────────╯
space select  enter view  b blocking  c create  e edit  p parent  P priority  s status  t type  y co