[39A╭──────────────────────────────────────────────────────────────────────────────╮
│ Beans                                                                        │
│                                                                              │
│▌test-1234  T  T  Simple Task                                                 │
│                                                                              │
│                                                                              │
│                                                                              │
│                                                                              │
│                                                                              │
│                                                                              │
│                                                                              │
│                                                                              │
│                                                                              │
│                                                                              │
│                                                                              │
│                                                                              │
│                                                                              │
│                                                                              │
│                                                                              │
│                                                                              │
│                                                                              │
╰──────────────────────────────────────────────────────────────────────────────╯
space select  enter view  b blocking  c create  e edit  p parent  P priority  s [J